
Discarded input sections

 .text          0x00000000        0x0 obj/main.o
 .data          0x00000000        0x0 obj/main.o
 .bss           0x00000000        0x0 obj/main.o

Memory Configuration

Name             Origin             Length             Attributes
*default*        0x00000000         0xffffffff

Linker script and memory map

                0x08004000                __Flash_Bottom = 0x8004000
                0x08020000                __Flash_Top = 0x8020000
                0x0001c000                __Flash_Length = 0x1c000
                0x20002800                __RAM_Bottom = 0x20002800
                0x20005000                __RAM_Top = 0x20005000
                0x00002800                __RAM_Length = 0x2800
                0x20005000                __StackTop = 0x20005000

.text           0x08004000       0x4c
                0x08004000                . = ALIGN (0x4)
                0x08004000                __task2_start = .
 *(.task2*)
 .task2         0x08004000       0x10 obj/main.o
                0x08004000                main
 *(.text*)
 .text.send_Char
                0x08004010       0x20 obj/main.o
                0x08004010                send_Char
 .text.send_Str
                0x08004030       0x12 obj/main.o
                0x08004030                send_Str
 *(.rodata*)
 .rodata.str1.1
                0x08004042        0x8 obj/main.o
                0x0800404c                . = ALIGN (0x4)
 *fill*         0x0800404a        0x2 
                0x0800404c                __task2_end = .

.glue_7         0x0800404c        0x0
 .glue_7        0x0800404c        0x0 linker stubs

.glue_7t        0x0800404c        0x0
 .glue_7t       0x0800404c        0x0 linker stubs

.vfp11_veneer   0x0800404c        0x0
 .vfp11_veneer  0x0800404c        0x0 linker stubs

.v4_bx          0x0800404c        0x0
 .v4_bx         0x0800404c        0x0 linker stubs

.iplt           0x0800404c        0x0
 .iplt          0x0800404c        0x0 obj/main.o

.rel.dyn        0x0800404c        0x0
 .rel.iplt      0x0800404c        0x0 obj/main.o

.data           0x20002800        0x0 load address 0x0800404c
                0x20002800                . = ALIGN (0x4)
 *(.data*)
                0x20002800                . = ALIGN (0x4)

.igot.plt       0x0800404c        0x0 load address 0x20002800
 .igot.plt      0x0800404c        0x0 obj/main.o

.bss
 *(.bss*)
 *(COMMON)
LOAD obj/main.o
OUTPUT(bin/Task2.elf elf32-littlearm)

.comment        0x00000000       0x7e
 .comment       0x00000000       0x7e obj/main.o
                                 0x7f (size before relaxing)

.ARM.attributes
                0x00000000       0x33
 .ARM.attributes
                0x00000000       0x33 obj/main.o
