
Discarded input sections

 .text          0x0000000000000000        0x0 obj/main.o
 .data          0x0000000000000000        0x0 obj/main.o
 .bss           0x0000000000000000        0x0 obj/main.o

Memory Configuration

Name             Origin             Length             Attributes
*default*        0x0000000000000000 0xffffffffffffffff

Linker script and memory map

                0x0000000008004000                __Flash_Bottom = 0x8004000
                0x0000000008020000                __Flash_Top = 0x8020000
                0x000000000001c000                __Flash_Length = 0x1c000
                0x0000000020002800                __RAM_Bottom = 0x20002800
                0x0000000020005000                __RAM_Top = 0x20005000
                0x0000000000002800                __RAM_Length = 0x2800
                0x0000000020005000                __StackTop = 0x20005000

.text           0x0000000008004000       0x4c
                0x0000000008004000                . = ALIGN (0x4)
                0x0000000008004000                __task2_start = .
 *(.task2*)
 .task2         0x0000000008004000       0x10 obj/main.o
                0x0000000008004000                main
 *(.text*)
 .text.send_Char
                0x0000000008004010       0x20 obj/main.o
                0x0000000008004010                send_Char
 .text.send_Str
                0x0000000008004030       0x12 obj/main.o
                0x0000000008004030                send_Str
 *(.rodata*)
 .rodata.str1.1
                0x0000000008004042        0x8 obj/main.o
                0x000000000800404c                . = ALIGN (0x4)
 *fill*         0x000000000800404a        0x2 
                0x000000000800404c                __task2_end = .

.glue_7         0x000000000800404c        0x0
 .glue_7        0x000000000800404c        0x0 linker stubs

.glue_7t        0x000000000800404c        0x0
 .glue_7t       0x000000000800404c        0x0 linker stubs

.vfp11_veneer   0x000000000800404c        0x0
 .vfp11_veneer  0x000000000800404c        0x0 linker stubs

.v4_bx          0x000000000800404c        0x0
 .v4_bx         0x000000000800404c        0x0 linker stubs

.iplt           0x000000000800404c        0x0
 .iplt          0x000000000800404c        0x0 obj/main.o

.rel.dyn        0x000000000800404c        0x0
 .rel.iplt      0x000000000800404c        0x0 obj/main.o

.data           0x0000000020002800        0x0 load address 0x000000000800404c
                0x0000000020002800                . = ALIGN (0x4)
 *(.data*)
                0x0000000020002800                . = ALIGN (0x4)

.igot.plt       0x000000000800404c        0x0 load address 0x0000000020002800
 .igot.plt      0x000000000800404c        0x0 obj/main.o

.bss
 *(.bss*)
 *(COMMON)
LOAD obj/main.o
OUTPUT(bin/Task2.elf elf32-littlearm)

.comment        0x0000000000000000       0x38
 .comment       0x0000000000000000       0x38 obj/main.o
                                         0x39 (size before relaxing)

.ARM.attributes
                0x0000000000000000       0x33
 .ARM.attributes
                0x0000000000000000       0x33 obj/main.o
