Archive member included to satisfy reference by file (symbol)

c:/program files (x86)/embitz/1.11/share/em_armgcc/bin/../lib/gcc/arm-none-eabi/5.4.1/../../../../arm-none-eabi/lib/armv7-m\libg_n.a(lib_a-exit.o)
                              c:/program files (x86)/embitz/1.11/share/em_armgcc/bin/../lib/gcc/arm-none-eabi/5.4.1/../../../../arm-none-eabi/lib/armv7-m/crt0.o (exit)
c:/program files (x86)/embitz/1.11/share/em_armgcc/bin/../lib/gcc/arm-none-eabi/5.4.1/../../../../arm-none-eabi/lib/armv7-m\libg_n.a(lib_a-impure.o)
                              c:/program files (x86)/embitz/1.11/share/em_armgcc/bin/../lib/gcc/arm-none-eabi/5.4.1/../../../../arm-none-eabi/lib/armv7-m\libg_n.a(lib_a-exit.o) (_global_impure_ptr)
c:/program files (x86)/embitz/1.11/share/em_armgcc/bin/../lib/gcc/arm-none-eabi/5.4.1/../../../../arm-none-eabi/lib/armv7-m\libg_n.a(lib_a-init.o)
                              c:/program files (x86)/embitz/1.11/share/em_armgcc/bin/../lib/gcc/arm-none-eabi/5.4.1/../../../../arm-none-eabi/lib/armv7-m/crt0.o (__libc_init_array)
c:/program files (x86)/embitz/1.11/share/em_armgcc/bin/../lib/gcc/arm-none-eabi/5.4.1/../../../../arm-none-eabi/lib/armv7-m\libg_n.a(lib_a-memset.o)
                              c:/program files (x86)/embitz/1.11/share/em_armgcc/bin/../lib/gcc/arm-none-eabi/5.4.1/../../../../arm-none-eabi/lib/armv7-m/crt0.o (memset)
c:/program files (x86)/embitz/1.11/share/em_armgcc/bin/../lib/gcc/arm-none-eabi/5.4.1/../../../../arm-none-eabi/lib/armv7-m\libnosys_s.a(_exit.o)
                              c:/program files (x86)/embitz/1.11/share/em_armgcc/bin/../lib/gcc/arm-none-eabi/5.4.1/../../../../arm-none-eabi/lib/armv7-m\libg_n.a(lib_a-exit.o) (_exit)

Allocating common symbols
Common symbol       size              file

stack_Table         0xc               obj\debug\src\blueos_switcher.o
switch_debug        0x4               obj\debug\src\blueos_switcher.o

Discarded input sections

 .text          0x00000000        0x0 c:/program files (x86)/embitz/1.11/share/em_armgcc/bin/../lib/gcc/arm-none-eabi/5.4.1/armv7-m/crti.o
 .data          0x00000000        0x0 c:/program files (x86)/embitz/1.11/share/em_armgcc/bin/../lib/gcc/arm-none-eabi/5.4.1/armv7-m/crti.o
 .bss           0x00000000        0x0 c:/program files (x86)/embitz/1.11/share/em_armgcc/bin/../lib/gcc/arm-none-eabi/5.4.1/armv7-m/crti.o
 .text          0x00000000       0x5c c:/program files (x86)/embitz/1.11/share/em_armgcc/bin/../lib/gcc/arm-none-eabi/5.4.1/armv7-m/crtbegin.o
 .data          0x00000000        0x4 c:/program files (x86)/embitz/1.11/share/em_armgcc/bin/../lib/gcc/arm-none-eabi/5.4.1/armv7-m/crtbegin.o
 .bss           0x00000000       0x1c c:/program files (x86)/embitz/1.11/share/em_armgcc/bin/../lib/gcc/arm-none-eabi/5.4.1/armv7-m/crtbegin.o
 .init_array    0x00000000        0x4 c:/program files (x86)/embitz/1.11/share/em_armgcc/bin/../lib/gcc/arm-none-eabi/5.4.1/armv7-m/crtbegin.o
 .fini_array    0x00000000        0x4 c:/program files (x86)/embitz/1.11/share/em_armgcc/bin/../lib/gcc/arm-none-eabi/5.4.1/armv7-m/crtbegin.o
 .eh_frame      0x00000000        0x0 c:/program files (x86)/embitz/1.11/share/em_armgcc/bin/../lib/gcc/arm-none-eabi/5.4.1/armv7-m/crtbegin.o
 .jcr           0x00000000        0x0 c:/program files (x86)/embitz/1.11/share/em_armgcc/bin/../lib/gcc/arm-none-eabi/5.4.1/armv7-m/crtbegin.o
 .ARM.attributes
                0x00000000       0x2d c:/program files (x86)/embitz/1.11/share/em_armgcc/bin/../lib/gcc/arm-none-eabi/5.4.1/armv7-m/crtbegin.o
 .text          0x00000000       0x74 c:/program files (x86)/embitz/1.11/share/em_armgcc/bin/../lib/gcc/arm-none-eabi/5.4.1/../../../../arm-none-eabi/lib/armv7-m/crt0.o
 .data          0x00000000        0x0 c:/program files (x86)/embitz/1.11/share/em_armgcc/bin/../lib/gcc/arm-none-eabi/5.4.1/../../../../arm-none-eabi/lib/armv7-m/crt0.o
 .bss           0x00000000        0x0 c:/program files (x86)/embitz/1.11/share/em_armgcc/bin/../lib/gcc/arm-none-eabi/5.4.1/../../../../arm-none-eabi/lib/armv7-m/crt0.o
 .ARM.extab     0x00000000        0x0 c:/program files (x86)/embitz/1.11/share/em_armgcc/bin/../lib/gcc/arm-none-eabi/5.4.1/../../../../arm-none-eabi/lib/armv7-m/crt0.o
 .ARM.exidx     0x00000000        0x8 c:/program files (x86)/embitz/1.11/share/em_armgcc/bin/../lib/gcc/arm-none-eabi/5.4.1/../../../../arm-none-eabi/lib/armv7-m/crt0.o
 .ARM.attributes
                0x00000000       0x1b c:/program files (x86)/embitz/1.11/share/em_armgcc/bin/../lib/gcc/arm-none-eabi/5.4.1/../../../../arm-none-eabi/lib/armv7-m/crt0.o
 .group         0x00000000        0x8 obj\debug\src\blueos_clocks.o
 .group         0x00000000        0x8 obj\debug\src\blueos_clocks.o
 .group         0x00000000        0x8 obj\debug\src\blueos_clocks.o
 .group         0x00000000        0x8 obj\debug\src\blueos_clocks.o
 .group         0x00000000        0x8 obj\debug\src\blueos_clocks.o
 .group         0x00000000        0x8 obj\debug\src\blueos_clocks.o
 .text          0x00000000        0x0 obj\debug\src\blueos_clocks.o
 .data          0x00000000        0x0 obj\debug\src\blueos_clocks.o
 .bss           0x00000000        0x0 obj\debug\src\blueos_clocks.o
 .group         0x00000000        0x8 obj\debug\src\blueos_console.o
 .group         0x00000000        0x8 obj\debug\src\blueos_console.o
 .group         0x00000000        0x8 obj\debug\src\blueos_console.o
 .group         0x00000000        0x8 obj\debug\src\blueos_console.o
 .group         0x00000000        0x8 obj\debug\src\blueos_console.o
 .group         0x00000000        0x8 obj\debug\src\blueos_console.o
 .text          0x00000000        0x0 obj\debug\src\blueos_console.o
 .data          0x00000000        0x0 obj\debug\src\blueos_console.o
 .bss           0x00000000        0x0 obj\debug\src\blueos_console.o
 .text.console_Startup_8Mhz
                0x00000000       0x50 obj\debug\src\blueos_console.o
 .text.receive_Char
                0x00000000       0x18 obj\debug\src\blueos_console.o
 .text.char_Byte
                0x00000000       0x48 obj\debug\src\blueos_console.o
 .text.send_PC  0x00000000        0x6 obj\debug\src\blueos_console.o
 .debug_macro   0x00000000      0x88c obj\debug\src\blueos_console.o
 .debug_macro   0x00000000       0xf4 obj\debug\src\blueos_console.o
 .debug_macro   0x00000000       0x10 obj\debug\src\blueos_console.o
 .debug_macro   0x00000000      0x242 obj\debug\src\blueos_console.o
 .group         0x00000000        0x8 obj\debug\src\blueos_io.o
 .group         0x00000000        0x8 obj\debug\src\blueos_io.o
 .group         0x00000000        0x8 obj\debug\src\blueos_io.o
 .group         0x00000000        0x8 obj\debug\src\blueos_io.o
 .group         0x00000000        0x8 obj\debug\src\blueos_io.o
 .text          0x00000000        0x0 obj\debug\src\blueos_io.o
 .data          0x00000000        0x0 obj\debug\src\blueos_io.o
 .bss           0x00000000        0x0 obj\debug\src\blueos_io.o
 .debug_macro   0x00000000      0x88c obj\debug\src\blueos_io.o
 .debug_macro   0x00000000       0xf4 obj\debug\src\blueos_io.o
 .debug_macro   0x00000000       0x10 obj\debug\src\blueos_io.o
 .debug_macro   0x00000000      0x242 obj\debug\src\blueos_io.o
 .group         0x00000000        0x8 obj\debug\src\blueos_loader.o
 .group         0x00000000        0x8 obj\debug\src\blueos_loader.o
 .group         0x00000000        0x8 obj\debug\src\blueos_loader.o
 .group         0x00000000        0x8 obj\debug\src\blueos_loader.o
 .group         0x00000000        0x8 obj\debug\src\blueos_loader.o
 .group         0x00000000        0x8 obj\debug\src\blueos_loader.o
 .group         0x00000000        0x8 obj\debug\src\blueos_loader.o
 .text          0x00000000        0x0 obj\debug\src\blueos_loader.o
 .data          0x00000000        0x0 obj\debug\src\blueos_loader.o
 .bss           0x00000000        0x0 obj\debug\src\blueos_loader.o
 .text.unlock_Flash
                0x00000000       0x28 obj\debug\src\blueos_loader.o
 .text.wait_Flash
                0x00000000       0x10 obj\debug\src\blueos_loader.o
 .text.lock_Flash
                0x00000000       0x18 obj\debug\src\blueos_loader.o
 .text.get_Ihex
                0x00000000      0x150 obj\debug\src\blueos_loader.o
 .text.loader   0x00000000       0xb4 obj\debug\src\blueos_loader.o
 .bss.Task_Bottom
                0x00000000        0x4 obj\debug\src\blueos_loader.o
 .bss.Task_Top  0x00000000        0x4 obj\debug\src\blueos_loader.o
 .rodata.str1.1
                0x00000000       0x79 obj\debug\src\blueos_loader.o
 .debug_info    0x00000000      0x46a obj\debug\src\blueos_loader.o
 .debug_abbrev  0x00000000      0x1a5 obj\debug\src\blueos_loader.o
 .debug_loc     0x00000000      0x2fe obj\debug\src\blueos_loader.o
 .debug_aranges
                0x00000000       0x40 obj\debug\src\blueos_loader.o
 .debug_ranges  0x00000000       0xc0 obj\debug\src\blueos_loader.o
 .debug_macro   0x00000000       0x61 obj\debug\src\blueos_loader.o
 .debug_macro   0x00000000      0x88c obj\debug\src\blueos_loader.o
 .debug_macro   0x00000000       0xf4 obj\debug\src\blueos_loader.o
 .debug_macro   0x00000000       0x10 obj\debug\src\blueos_loader.o
 .debug_macro   0x00000000       0x10 obj\debug\src\blueos_loader.o
 .debug_macro   0x00000000      0x242 obj\debug\src\blueos_loader.o
 .debug_macro   0x00000000       0x10 obj\debug\src\blueos_loader.o
 .debug_macro   0x00000000       0x16 obj\debug\src\blueos_loader.o
 .debug_line    0x00000000      0x1e1 obj\debug\src\blueos_loader.o
 .debug_str     0x00000000     0x3519 obj\debug\src\blueos_loader.o
 .comment       0x00000000       0x6f obj\debug\src\blueos_loader.o
 .debug_frame   0x00000000       0x90 obj\debug\src\blueos_loader.o
 .ARM.attributes
                0x00000000       0x33 obj\debug\src\blueos_loader.o
 .group         0x00000000        0x8 obj\debug\src\blueos_startup.o
 .group         0x00000000        0x8 obj\debug\src\blueos_startup.o
 .group         0x00000000        0x8 obj\debug\src\blueos_startup.o
 .group         0x00000000        0x8 obj\debug\src\blueos_startup.o
 .group         0x00000000        0x8 obj\debug\src\blueos_startup.o
 .group         0x00000000        0x8 obj\debug\src\blueos_startup.o
 .group         0x00000000        0x8 obj\debug\src\blueos_startup.o
 .group         0x00000000        0x8 obj\debug\src\blueos_startup.o
 .group         0x00000000        0x8 obj\debug\src\blueos_startup.o
 .group         0x00000000        0x8 obj\debug\src\blueos_startup.o
 .text          0x00000000        0x0 obj\debug\src\blueos_startup.o
 .data          0x00000000        0x0 obj\debug\src\blueos_startup.o
 .bss           0x00000000        0x0 obj\debug\src\blueos_startup.o
 .debug_macro   0x00000000      0x88c obj\debug\src\blueos_startup.o
 .debug_macro   0x00000000       0xf4 obj\debug\src\blueos_startup.o
 .debug_macro   0x00000000       0x10 obj\debug\src\blueos_startup.o
 .debug_macro   0x00000000      0x242 obj\debug\src\blueos_startup.o
 .debug_macro   0x00000000       0x16 obj\debug\src\blueos_startup.o
 .debug_macro   0x00000000       0x16 obj\debug\src\blueos_startup.o
 .debug_macro   0x00000000       0x10 obj\debug\src\blueos_startup.o
 .group         0x00000000        0x8 obj\debug\src\blueos_status.o
 .group         0x00000000        0x8 obj\debug\src\blueos_status.o
 .group         0x00000000        0x8 obj\debug\src\blueos_status.o
 .group         0x00000000        0x8 obj\debug\src\blueos_status.o
 .group         0x00000000        0x8 obj\debug\src\blueos_status.o
 .group         0x00000000        0x8 obj\debug\src\blueos_status.o
 .group         0x00000000        0x8 obj\debug\src\blueos_status.o
 .group         0x00000000        0x8 obj\debug\src\blueos_status.o
 .text          0x00000000        0x0 obj\debug\src\blueos_status.o
 .data          0x00000000        0x0 obj\debug\src\blueos_status.o
 .bss           0x00000000        0x0 obj\debug\src\blueos_status.o
 .text.status_Set_Led_wait
                0x00000000        0xc obj\debug\src\blueos_status.o
 .debug_macro   0x00000000      0x88c obj\debug\src\blueos_status.o
 .debug_macro   0x00000000       0xf4 obj\debug\src\blueos_status.o
 .debug_macro   0x00000000       0x10 obj\debug\src\blueos_status.o
 .debug_macro   0x00000000       0x10 obj\debug\src\blueos_status.o
 .debug_macro   0x00000000      0x242 obj\debug\src\blueos_status.o
 .debug_macro   0x00000000       0x16 obj\debug\src\blueos_status.o
 .debug_macro   0x00000000       0x1c obj\debug\src\blueos_status.o
 .debug_macro   0x00000000       0x10 obj\debug\src\blueos_status.o
 .group         0x00000000        0x8 obj\debug\src\blueos_switcher.o
 .group         0x00000000        0x8 obj\debug\src\blueos_switcher.o
 .group         0x00000000        0x8 obj\debug\src\blueos_switcher.o
 .group         0x00000000        0x8 obj\debug\src\blueos_switcher.o
 .group         0x00000000        0x8 obj\debug\src\blueos_switcher.o
 .group         0x00000000        0x8 obj\debug\src\blueos_switcher.o
 .group         0x00000000        0x8 obj\debug\src\blueos_switcher.o
 .text          0x00000000        0x0 obj\debug\src\blueos_switcher.o
 .data          0x00000000        0x0 obj\debug\src\blueos_switcher.o
 .bss           0x00000000        0x0 obj\debug\src\blueos_switcher.o
 .text.switcher_Set_Switch_Time
                0x00000000        0xc obj\debug\src\blueos_switcher.o
 .bss.current_task
                0x00000000        0x1 obj\debug\src\blueos_switcher.o
 .debug_macro   0x00000000      0x88c obj\debug\src\blueos_switcher.o
 .debug_macro   0x00000000       0xf4 obj\debug\src\blueos_switcher.o
 .debug_macro   0x00000000      0x242 obj\debug\src\blueos_switcher.o
 .debug_macro   0x00000000       0x1c obj\debug\src\blueos_switcher.o
 .debug_macro   0x00000000       0x16 obj\debug\src\blueos_switcher.o
 .group         0x00000000        0x8 obj\debug\config\blueos_config.o
 .group         0x00000000        0x8 obj\debug\config\blueos_config.o
 .group         0x00000000        0x8 obj\debug\config\blueos_config.o
 .group         0x00000000        0x8 obj\debug\config\blueos_config.o
 .group         0x00000000        0x8 obj\debug\config\blueos_config.o
 .group         0x00000000        0x8 obj\debug\config\blueos_config.o
 .text          0x00000000        0x0 obj\debug\config\blueos_config.o
 .data          0x00000000        0x0 obj\debug\config\blueos_config.o
 .bss           0x00000000        0x0 obj\debug\config\blueos_config.o
 .debug_macro   0x00000000      0x88c obj\debug\config\blueos_config.o
 .debug_macro   0x00000000       0x1c obj\debug\config\blueos_config.o
 .debug_macro   0x00000000       0xf4 obj\debug\config\blueos_config.o
 .debug_macro   0x00000000       0x10 obj\debug\config\blueos_config.o
 .debug_macro   0x00000000      0x242 obj\debug\config\blueos_config.o
 .debug_macro   0x00000000       0x1c obj\debug\config\blueos_config.o
 .text          0x00000000        0x0 c:/program files (x86)/embitz/1.11/share/em_armgcc/bin/../lib/gcc/arm-none-eabi/5.4.1/../../../../arm-none-eabi/lib/armv7-m\libg_n.a(lib_a-exit.o)
 .data          0x00000000        0x0 c:/program files (x86)/embitz/1.11/share/em_armgcc/bin/../lib/gcc/arm-none-eabi/5.4.1/../../../../arm-none-eabi/lib/armv7-m\libg_n.a(lib_a-exit.o)
 .bss           0x00000000        0x0 c:/program files (x86)/embitz/1.11/share/em_armgcc/bin/../lib/gcc/arm-none-eabi/5.4.1/../../../../arm-none-eabi/lib/armv7-m\libg_n.a(lib_a-exit.o)
 .text.exit     0x00000000       0x28 c:/program files (x86)/embitz/1.11/share/em_armgcc/bin/../lib/gcc/arm-none-eabi/5.4.1/../../../../arm-none-eabi/lib/armv7-m\libg_n.a(lib_a-exit.o)
 .debug_frame   0x00000000       0x28 c:/program files (x86)/embitz/1.11/share/em_armgcc/bin/../lib/gcc/arm-none-eabi/5.4.1/../../../../arm-none-eabi/lib/armv7-m\libg_n.a(lib_a-exit.o)
 .ARM.attributes
                0x00000000       0x2d c:/program files (x86)/embitz/1.11/share/em_armgcc/bin/../lib/gcc/arm-none-eabi/5.4.1/../../../../arm-none-eabi/lib/armv7-m\libg_n.a(lib_a-exit.o)
 .text          0x00000000        0x0 c:/program files (x86)/embitz/1.11/share/em_armgcc/bin/../lib/gcc/arm-none-eabi/5.4.1/../../../../arm-none-eabi/lib/armv7-m\libg_n.a(lib_a-impure.o)
 .data          0x00000000        0x0 c:/program files (x86)/embitz/1.11/share/em_armgcc/bin/../lib/gcc/arm-none-eabi/5.4.1/../../../../arm-none-eabi/lib/armv7-m\libg_n.a(lib_a-impure.o)
 .bss           0x00000000        0x0 c:/program files (x86)/embitz/1.11/share/em_armgcc/bin/../lib/gcc/arm-none-eabi/5.4.1/../../../../arm-none-eabi/lib/armv7-m\libg_n.a(lib_a-impure.o)
 .data.impure_data
                0x00000000       0x60 c:/program files (x86)/embitz/1.11/share/em_armgcc/bin/../lib/gcc/arm-none-eabi/5.4.1/../../../../arm-none-eabi/lib/armv7-m\libg_n.a(lib_a-impure.o)
 .data._impure_ptr
                0x00000000        0x4 c:/program files (x86)/embitz/1.11/share/em_armgcc/bin/../lib/gcc/arm-none-eabi/5.4.1/../../../../arm-none-eabi/lib/armv7-m\libg_n.a(lib_a-impure.o)
 .rodata.str1.1
                0x00000000        0x2 c:/program files (x86)/embitz/1.11/share/em_armgcc/bin/../lib/gcc/arm-none-eabi/5.4.1/../../../../arm-none-eabi/lib/armv7-m\libg_n.a(lib_a-impure.o)
 .rodata._global_impure_ptr
                0x00000000        0x4 c:/program files (x86)/embitz/1.11/share/em_armgcc/bin/../lib/gcc/arm-none-eabi/5.4.1/../../../../arm-none-eabi/lib/armv7-m\libg_n.a(lib_a-impure.o)
 .ARM.attributes
                0x00000000       0x2d c:/program files (x86)/embitz/1.11/share/em_armgcc/bin/../lib/gcc/arm-none-eabi/5.4.1/../../../../arm-none-eabi/lib/armv7-m\libg_n.a(lib_a-impure.o)
 .text          0x00000000        0x0 c:/program files (x86)/embitz/1.11/share/em_armgcc/bin/../lib/gcc/arm-none-eabi/5.4.1/../../../../arm-none-eabi/lib/armv7-m\libg_n.a(lib_a-init.o)
 .data          0x00000000        0x0 c:/program files (x86)/embitz/1.11/share/em_armgcc/bin/../lib/gcc/arm-none-eabi/5.4.1/../../../../arm-none-eabi/lib/armv7-m\libg_n.a(lib_a-init.o)
 .bss           0x00000000        0x0 c:/program files (x86)/embitz/1.11/share/em_armgcc/bin/../lib/gcc/arm-none-eabi/5.4.1/../../../../arm-none-eabi/lib/armv7-m\libg_n.a(lib_a-init.o)
 .text.__libc_init_array
                0x00000000       0x4c c:/program files (x86)/embitz/1.11/share/em_armgcc/bin/../lib/gcc/arm-none-eabi/5.4.1/../../../../arm-none-eabi/lib/armv7-m\libg_n.a(lib_a-init.o)
 .debug_frame   0x00000000       0x2c c:/program files (x86)/embitz/1.11/share/em_armgcc/bin/../lib/gcc/arm-none-eabi/5.4.1/../../../../arm-none-eabi/lib/armv7-m\libg_n.a(lib_a-init.o)
 .ARM.attributes
                0x00000000       0x2d c:/program files (x86)/embitz/1.11/share/em_armgcc/bin/../lib/gcc/arm-none-eabi/5.4.1/../../../../arm-none-eabi/lib/armv7-m\libg_n.a(lib_a-init.o)
 .text          0x00000000        0x0 c:/program files (x86)/embitz/1.11/share/em_armgcc/bin/../lib/gcc/arm-none-eabi/5.4.1/../../../../arm-none-eabi/lib/armv7-m\libg_n.a(lib_a-memset.o)
 .data          0x00000000        0x0 c:/program files (x86)/embitz/1.11/share/em_armgcc/bin/../lib/gcc/arm-none-eabi/5.4.1/../../../../arm-none-eabi/lib/armv7-m\libg_n.a(lib_a-memset.o)
 .bss           0x00000000        0x0 c:/program files (x86)/embitz/1.11/share/em_armgcc/bin/../lib/gcc/arm-none-eabi/5.4.1/../../../../arm-none-eabi/lib/armv7-m\libg_n.a(lib_a-memset.o)
 .text.memset   0x00000000       0x10 c:/program files (x86)/embitz/1.11/share/em_armgcc/bin/../lib/gcc/arm-none-eabi/5.4.1/../../../../arm-none-eabi/lib/armv7-m\libg_n.a(lib_a-memset.o)
 .debug_frame   0x00000000       0x20 c:/program files (x86)/embitz/1.11/share/em_armgcc/bin/../lib/gcc/arm-none-eabi/5.4.1/../../../../arm-none-eabi/lib/armv7-m\libg_n.a(lib_a-memset.o)
 .ARM.attributes
                0x00000000       0x2d c:/program files (x86)/embitz/1.11/share/em_armgcc/bin/../lib/gcc/arm-none-eabi/5.4.1/../../../../arm-none-eabi/lib/armv7-m\libg_n.a(lib_a-memset.o)
 .text          0x00000000        0x0 c:/program files (x86)/embitz/1.11/share/em_armgcc/bin/../lib/gcc/arm-none-eabi/5.4.1/../../../../arm-none-eabi/lib/armv7-m\libnosys_s.a(_exit.o)
 .data          0x00000000        0x0 c:/program files (x86)/embitz/1.11/share/em_armgcc/bin/../lib/gcc/arm-none-eabi/5.4.1/../../../../arm-none-eabi/lib/armv7-m\libnosys_s.a(_exit.o)
 .bss           0x00000000        0x0 c:/program files (x86)/embitz/1.11/share/em_armgcc/bin/../lib/gcc/arm-none-eabi/5.4.1/../../../../arm-none-eabi/lib/armv7-m\libnosys_s.a(_exit.o)
 .text._exit    0x00000000        0x2 c:/program files (x86)/embitz/1.11/share/em_armgcc/bin/../lib/gcc/arm-none-eabi/5.4.1/../../../../arm-none-eabi/lib/armv7-m\libnosys_s.a(_exit.o)
 .debug_frame   0x00000000       0x20 c:/program files (x86)/embitz/1.11/share/em_armgcc/bin/../lib/gcc/arm-none-eabi/5.4.1/../../../../arm-none-eabi/lib/armv7-m\libnosys_s.a(_exit.o)
 .ARM.attributes
                0x00000000       0x2d c:/program files (x86)/embitz/1.11/share/em_armgcc/bin/../lib/gcc/arm-none-eabi/5.4.1/../../../../arm-none-eabi/lib/armv7-m\libnosys_s.a(_exit.o)
 .text          0x00000000        0x0 c:/program files (x86)/embitz/1.11/share/em_armgcc/bin/../lib/gcc/arm-none-eabi/5.4.1/armv7-m/crtend.o
 .data          0x00000000        0x0 c:/program files (x86)/embitz/1.11/share/em_armgcc/bin/../lib/gcc/arm-none-eabi/5.4.1/armv7-m/crtend.o
 .bss           0x00000000        0x0 c:/program files (x86)/embitz/1.11/share/em_armgcc/bin/../lib/gcc/arm-none-eabi/5.4.1/armv7-m/crtend.o
 .eh_frame      0x00000000        0x4 c:/program files (x86)/embitz/1.11/share/em_armgcc/bin/../lib/gcc/arm-none-eabi/5.4.1/armv7-m/crtend.o
 .jcr           0x00000000        0x4 c:/program files (x86)/embitz/1.11/share/em_armgcc/bin/../lib/gcc/arm-none-eabi/5.4.1/armv7-m/crtend.o
 .ARM.attributes
                0x00000000       0x2d c:/program files (x86)/embitz/1.11/share/em_armgcc/bin/../lib/gcc/arm-none-eabi/5.4.1/armv7-m/crtend.o
 .text          0x00000000        0x0 c:/program files (x86)/embitz/1.11/share/em_armgcc/bin/../lib/gcc/arm-none-eabi/5.4.1/armv7-m/crtn.o
 .data          0x00000000        0x0 c:/program files (x86)/embitz/1.11/share/em_armgcc/bin/../lib/gcc/arm-none-eabi/5.4.1/armv7-m/crtn.o
 .bss           0x00000000        0x0 c:/program files (x86)/embitz/1.11/share/em_armgcc/bin/../lib/gcc/arm-none-eabi/5.4.1/armv7-m/crtn.o
 .init          0x00000000        0x8 c:/program files (x86)/embitz/1.11/share/em_armgcc/bin/../lib/gcc/arm-none-eabi/5.4.1/armv7-m/crtn.o
 .fini          0x00000000        0x8 c:/program files (x86)/embitz/1.11/share/em_armgcc/bin/../lib/gcc/arm-none-eabi/5.4.1/armv7-m/crtn.o
 .ARM.attributes
                0x00000000       0x1d c:/program files (x86)/embitz/1.11/share/em_armgcc/bin/../lib/gcc/arm-none-eabi/5.4.1/armv7-m/crtn.o

Memory Configuration

Name             Origin             Length             Attributes
*default*        0x00000000         0xffffffff

Linker script and memory map

LOAD c:/program files (x86)/embitz/1.11/share/em_armgcc/bin/../lib/gcc/arm-none-eabi/5.4.1/armv7-m/crti.o
LOAD c:/program files (x86)/embitz/1.11/share/em_armgcc/bin/../lib/gcc/arm-none-eabi/5.4.1/armv7-m/crtbegin.o
LOAD c:/program files (x86)/embitz/1.11/share/em_armgcc/bin/../lib/gcc/arm-none-eabi/5.4.1/../../../../arm-none-eabi/lib/armv7-m/crt0.o
                0x00000000                __HEAP_SIZE = 0x0
                0x00000100                __STACK_SIZE = 0x100
                0x08000000                __Flash_Bottom = 0x8000000
                0x0801ffff                __Flash_Top = 0x801ffff
                0x00020000                __Flash_Length = 0x20000
                0x20000000                __RAM_Bottom = 0x20000000
                0x20004fff                __RAM_Top = 0x20004fff
                0x00005000                __RAM_Length = 0x5000
                0x08000000                __Config_F_Bottom = 0x8000000
                0x080003ff                __Config_F_Top = 0x80003ff
                0x00000400                __Config_F_Length = 0x400
                0x08000400                __OS_F_Bottom = 0x8000400
                0x080017ff                __OS_F_Top = 0x80017ff
                0x00001400                __OS_F_Length = 0x1400
                0x20000000                __RAM_Bottom = 0x20000000
                0x200013ff                __RAM_Top = 0x200013ff
                0x00001400                __RAM_Length = 0x1400
                0x200007ff                __StackTop = 0x200007ff

.text           0x08000000     0x11b4
                0x08000000                . = ALIGN (0x4)
                0x08000000                __config_start = .
 *(.vector_table)
 .vector_table  0x08000000       0x40 obj\debug\config\blueos_config.o
                0x08000000                vectorTable
 FILL mask 0xaddeadce
                0x00000150                . = 0x150
 *fill*         0x08000040      0x110 addeadce
                0x08000150                __schedule_table_begin = .
 *(.schedule_table)
 .schedule_table
                0x08000150       0x54 obj\debug\config\blueos_config.o
                0x08000150                scheduleTable
                0x080001a4                __schedule_table_end = .
 FILL mask 0xaddeadce
                0x00000360                . = 0x360
 *fill*         0x080001a4      0x1bc addeadce
                0x08000360                __task_table_begin = .
 *(.task_table)
 .task_table    0x08000360       0x30 obj\debug\config\blueos_config.o
                0x08000360                taskTable
                0x08000390                __task_table_end = .
 FILL mask 0xaddeadce
                0x08000390                __config_end = .
                0x08000400                . = ALIGN (0x400)
 *fill*         0x08000390       0x70 addeadce
                0x08000400                __os_start = .
 *(.text*)
 .text.clocks_Safe_sysClock
                0x08000400       0x50 obj\debug\src\blueos_clocks.o
                0x08000400                clocks_Safe_sysClock
 .text.clocks_Start_sysClock
                0x08000450       0xb4 obj\debug\src\blueos_clocks.o
                0x08000450                clocks_Start_sysClock
 .text.clocks_Start_periphClocks
                0x08000504       0x14 obj\debug\src\blueos_clocks.o
                0x08000504                clocks_Start_periphClocks
 .text.clocks_Start_sysTick
                0x08000518       0x38 obj\debug\src\blueos_clocks.o
                0x08000518                clocks_Start_sysTick
 .text.send_Char
                0x08000550       0x2c obj\debug\src\blueos_console.o
                0x08000550                send_Char
 .text.send_Byte
                0x0800057c       0x20 obj\debug\src\blueos_console.o
                0x0800057c                send_Byte
 .text.send_Uint32
                0x0800059c       0x24 obj\debug\src\blueos_console.o
                0x0800059c                send_Uint32
 .text.send_Str
                0x080005c0       0x12 obj\debug\src\blueos_console.o
                0x080005c0                send_Str
 *fill*         0x080005d2        0x2 addeadce
 .text.console_Startup_72Mhz
                0x080005d4       0x64 obj\debug\src\blueos_console.o
                0x080005d4                console_Startup_72Mhz
 .text.receive_CharN
                0x08000638       0x1c obj\debug\src\blueos_console.o
                0x08000638                receive_CharN
 .text.console_Task
                0x08000654       0xcc obj\debug\src\blueos_console.o
                0x08000654                console_Task
 .text.io_Startup
                0x08000720       0x30 obj\debug\src\blueos_io.o
                0x08000720                io_Startup
 .text.startup.main
                0x08000750       0x44 obj\debug\src\blueos_startup.o
                0x08000750                main
 .text.hold_hdlr
                0x08000794        0x6 obj\debug\src\blueos_startup.o
                0x08000794                hold_hdlr
 *fill*         0x0800079a        0x2 addeadce
 .text.nm_hdlr  0x0800079c       0x10 obj\debug\src\blueos_startup.o
                0x0800079c                nm_hdlr
 .text.hf_hdlr  0x080007ac        0x6 obj\debug\src\blueos_startup.o
                0x080007ac                hf_hdlr
 .text.mm_hdlr  0x080007b2        0x6 obj\debug\src\blueos_startup.o
                0x080007b2                mm_hdlr
 .text.bf_hdlr  0x080007b8        0x6 obj\debug\src\blueos_startup.o
                0x080007b8                bf_hdlr
 .text.uf_hdlr  0x080007be        0x6 obj\debug\src\blueos_startup.o
                0x080007be                uf_hdlr
 .text.sc_hdlr  0x080007c4       0x10 obj\debug\src\blueos_startup.o
                0x080007c4                sc_hdlr
 .text.dm_hdlr  0x080007d4       0x10 obj\debug\src\blueos_startup.o
                0x080007d4                dm_hdlr
 .text.read_cfsr
                0x080007e4      0x11c obj\debug\src\blueos_startup.o
                0x080007e4                read_cfsr
 .text.unstack_regs
                0x08000900       0x88 obj\debug\src\blueos_startup.o
                0x08000900                unstack_regs
 .text.hold_Fault
                0x08000988       0x18 obj\debug\src\blueos_startup.o
                0x08000988                hold_Fault
 .text.hard_Fault
                0x080009a0       0x54 obj\debug\src\blueos_startup.o
                0x080009a0                hard_Fault
 .text.bus_Fault
                0x080009f4       0x1c obj\debug\src\blueos_startup.o
                0x080009f4                bus_Fault
 .text.mem_Fault
                0x08000a10       0x1c obj\debug\src\blueos_startup.o
                0x08000a10                mem_Fault
 .text.usage_Fault
                0x08000a2c       0x1c obj\debug\src\blueos_startup.o
                0x08000a2c                usage_Fault
 .text.status_Startup
                0x08000a48       0x34 obj\debug\src\blueos_status.o
                0x08000a48                status_Startup
 .text.status_LED_Task
                0x08000a7c       0x4c obj\debug\src\blueos_status.o
                0x08000a7c                status_LED_Task
 .text.status_Set_Error
                0x08000ac8       0x18 obj\debug\src\blueos_status.o
                0x08000ac8                status_Set_Error
 .text.status_Show_Error
                0x08000ae0        0xc obj\debug\src\blueos_status.o
                0x08000ae0                status_Show_Error
 .text.switcher_Startup
                0x08000aec       0xa8 obj\debug\src\blueos_switcher.o
                0x08000aec                switcher_Startup
 .text.switcher_PendSV_Handler
                0x08000b94       0xa0 obj\debug\src\blueos_switcher.o
                0x08000b94                switcher_PendSV_Handler
 .text.switcher_SysTick_Handler
                0x08000c34       0x34 obj\debug\src\blueos_switcher.o
                0x08000c34                switcher_SysTick_Handler
 .text.sysTick_sysTime
                0x08000c68        0xc obj\debug\src\blueos_switcher.o
                0x08000c68                sysTick_sysTime
 .text.switcher_Start_Task_Switching
                0x08000c74       0x60 obj\debug\src\blueos_switcher.o
                0x08000c74                switcher_Start_Task_Switching
 .text.switcher_Stop_Task_Switching
                0x08000cd4        0xc obj\debug\src\blueos_switcher.o
                0x08000cd4                switcher_Stop_Task_Switching
 *(.rodata*)
 .rodata.str1.1
                0x08000ce0       0x3a obj\debug\src\blueos_clocks.o
 .rodata.str1.1
                0x08000d1a       0x5b obj\debug\src\blueos_console.o
 .rodata.Lookup
                0x08000d75       0x11 obj\debug\src\blueos_console.o
 .rodata.str1.1
                0x08000d86      0x401 obj\debug\src\blueos_startup.o
                                0x40d (size before relaxing)
 .rodata.str1.1
                0x08001187       0x16 obj\debug\src\blueos_status.o
 .rodata.str1.1
                0x0800119d       0x14 obj\debug\src\blueos_switcher.o
                0x080011b4                . = ALIGN (0x4)
 *fill*         0x080011b1        0x3 addeadce
                0x080011b4                __os_end = .

.glue_7         0x080011b4        0x0
 .glue_7        0x080011b4        0x0 linker stubs

.glue_7t        0x080011b4        0x0
 .glue_7t       0x080011b4        0x0 linker stubs

.vfp11_veneer   0x080011b4        0x0
 .vfp11_veneer  0x080011b4        0x0 linker stubs

.v4_bx          0x080011b4        0x0
 .v4_bx         0x080011b4        0x0 linker stubs

.init           0x080011b4        0x4
 .init          0x080011b4        0x4 c:/program files (x86)/embitz/1.11/share/em_armgcc/bin/../lib/gcc/arm-none-eabi/5.4.1/armv7-m/crti.o
                0x080011b4                _init

.fini           0x080011b8        0x4
 .fini          0x080011b8        0x4 c:/program files (x86)/embitz/1.11/share/em_armgcc/bin/../lib/gcc/arm-none-eabi/5.4.1/armv7-m/crti.o
                0x080011b8                _fini

.iplt           0x080011bc        0x0
 .iplt          0x080011bc        0x0 c:/program files (x86)/embitz/1.11/share/em_armgcc/bin/../lib/gcc/arm-none-eabi/5.4.1/armv7-m/crtbegin.o

.rel.dyn        0x080011bc        0x0
 .rel.iplt      0x080011bc        0x0 c:/program files (x86)/embitz/1.11/share/em_armgcc/bin/../lib/gcc/arm-none-eabi/5.4.1/armv7-m/crtbegin.o

.data           0x20000000        0x0 load address 0x080011b4
                0x20000000                . = ALIGN (0x4)
 *(.data*)
                0x20000000                . = ALIGN (0x4)

.igot.plt       0x080011bc        0x0 load address 0x20000000
 .igot.plt      0x080011bc        0x0 c:/program files (x86)/embitz/1.11/share/em_armgcc/bin/../lib/gcc/arm-none-eabi/5.4.1/armv7-m/crtbegin.o

.bss            0x20000000      0x134
 *(.bss*)
 .bss.console_Timeout
                0x20000000        0x4 obj\debug\src\blueos_console.o
 .bss.command_Buffer
                0x20000004       0xff obj\debug\src\blueos_console.o
 .bss.c_Buff_Index
                0x20000103        0x1 obj\debug\src\blueos_console.o
 .bss.Led_Wait_Time
                0x20000104        0x4 obj\debug\src\blueos_status.o
 .bss.Led_On    0x20000108        0x1 obj\debug\src\blueos_status.o
 *fill*         0x20000109        0x3 
 .bss.Last_Error
                0x2000010c        0x4 obj\debug\src\blueos_status.o
 .bss.Led_Time  0x20000110        0x4 obj\debug\src\blueos_status.o
 .bss.sys_Ticks
                0x20000114        0x4 obj\debug\src\blueos_switcher.o
 .bss.switch_On
                0x20000118        0x1 obj\debug\src\blueos_switcher.o
 .bss.current_task_id
                0x20000119        0x1 obj\debug\src\blueos_switcher.o
 *fill*         0x2000011a        0x2 
 .bss.schedule_Table_Index
                0x2000011c        0x4 obj\debug\src\blueos_switcher.o
 .bss.next_Switch_Time
                0x20000120        0x4 obj\debug\src\blueos_switcher.o
 *(COMMON)
 COMMON         0x20000124       0x10 obj\debug\src\blueos_switcher.o
                0x20000124                stack_Table
                0x20000130                switch_debug
LOAD obj\debug\src\blueos_clocks.o
LOAD obj\debug\src\blueos_console.o
LOAD obj\debug\src\blueos_io.o
LOAD obj\debug\src\blueos_loader.o
LOAD obj\debug\src\blueos_startup.o
LOAD obj\debug\src\blueos_status.o
LOAD obj\debug\src\blueos_switcher.o
LOAD obj\debug\config\blueos_config.o
START GROUP
LOAD c:/program files (x86)/embitz/1.11/share/em_armgcc/bin/../lib/gcc/arm-none-eabi/5.4.1/armv7-m\libgcc.a
LOAD c:/program files (x86)/embitz/1.11/share/em_armgcc/bin/../lib/gcc/arm-none-eabi/5.4.1/../../../../arm-none-eabi/lib/armv7-m\libg_n.a
LOAD c:/program files (x86)/embitz/1.11/share/em_armgcc/bin/../lib/gcc/arm-none-eabi/5.4.1/../../../../arm-none-eabi/lib/armv7-m\libc_n.a
END GROUP
START GROUP
LOAD c:/program files (x86)/embitz/1.11/share/em_armgcc/bin/../lib/gcc/arm-none-eabi/5.4.1/armv7-m\libgcc.a
LOAD c:/program files (x86)/embitz/1.11/share/em_armgcc/bin/../lib/gcc/arm-none-eabi/5.4.1/../../../../arm-none-eabi/lib/armv7-m\libc_n.a
LOAD c:/program files (x86)/embitz/1.11/share/em_armgcc/bin/../lib/gcc/arm-none-eabi/5.4.1/../../../../arm-none-eabi/lib/armv7-m\libnosys_s.a
END GROUP
LOAD c:/program files (x86)/embitz/1.11/share/em_armgcc/bin/../lib/gcc/arm-none-eabi/5.4.1/armv7-m/crtend.o
LOAD c:/program files (x86)/embitz/1.11/share/em_armgcc/bin/../lib/gcc/arm-none-eabi/5.4.1/armv7-m/crtn.o
OUTPUT(bin\BlueOS.elf elf32-littlearm)

.ARM.attributes
                0x00000000       0x29
 .ARM.attributes
                0x00000000       0x1d c:/program files (x86)/embitz/1.11/share/em_armgcc/bin/../lib/gcc/arm-none-eabi/5.4.1/armv7-m/crti.o
 .ARM.attributes
                0x0000001d       0x33 obj\debug\src\blueos_clocks.o
 .ARM.attributes
                0x00000050       0x33 obj\debug\src\blueos_console.o
 .ARM.attributes
                0x00000083       0x33 obj\debug\src\blueos_io.o
 .ARM.attributes
                0x000000b6       0x33 obj\debug\src\blueos_startup.o
 .ARM.attributes
                0x000000e9       0x33 obj\debug\src\blueos_status.o
 .ARM.attributes
                0x0000011c       0x33 obj\debug\src\blueos_switcher.o
 .ARM.attributes
                0x0000014f       0x33 obj\debug\config\blueos_config.o

.comment        0x00000000       0x6e
 .comment       0x00000000       0x6e obj\debug\src\blueos_clocks.o
                                 0x6f (size before relaxing)
 .comment       0x0000006e       0x6f obj\debug\src\blueos_console.o
 .comment       0x0000006e       0x6f obj\debug\src\blueos_io.o
 .comment       0x0000006e       0x6f obj\debug\src\blueos_startup.o
 .comment       0x0000006e       0x6f obj\debug\src\blueos_status.o
 .comment       0x0000006e       0x6f obj\debug\src\blueos_switcher.o
 .comment       0x0000006e       0x6f obj\debug\config\blueos_config.o

.debug_info     0x00000000     0x124a
 .debug_info    0x00000000       0xe1 obj\debug\src\blueos_clocks.o
 .debug_info    0x000000e1      0x45a obj\debug\src\blueos_console.o
 .debug_info    0x0000053b       0x62 obj\debug\src\blueos_io.o
 .debug_info    0x0000059d      0x781 obj\debug\src\blueos_startup.o
 .debug_info    0x00000d1e      0x182 obj\debug\src\blueos_status.o
 .debug_info    0x00000ea0      0x2dc obj\debug\src\blueos_switcher.o
 .debug_info    0x0000117c       0xce obj\debug\config\blueos_config.o

.debug_abbrev   0x00000000      0x669
 .debug_abbrev  0x00000000       0x9a obj\debug\src\blueos_clocks.o
 .debug_abbrev  0x0000009a      0x1a4 obj\debug\src\blueos_console.o
 .debug_abbrev  0x0000023e       0x47 obj\debug\src\blueos_io.o
 .debug_abbrev  0x00000285      0x156 obj\debug\src\blueos_startup.o
 .debug_abbrev  0x000003db       0xc0 obj\debug\src\blueos_status.o
 .debug_abbrev  0x0000049b      0x15f obj\debug\src\blueos_switcher.o
 .debug_abbrev  0x000005fa       0x6f obj\debug\config\blueos_config.o

.debug_loc      0x00000000      0x534
 .debug_loc     0x00000000       0x62 obj\debug\src\blueos_clocks.o
 .debug_loc     0x00000062      0x2a1 obj\debug\src\blueos_console.o
 .debug_loc     0x00000303      0x106 obj\debug\src\blueos_startup.o
 .debug_loc     0x00000409       0x2d obj\debug\src\blueos_status.o
 .debug_loc     0x00000436       0xfe obj\debug\src\blueos_switcher.o

.debug_aranges  0x00000000      0x208
 .debug_aranges
                0x00000000       0x38 obj\debug\src\blueos_clocks.o
 .debug_aranges
                0x00000038       0x70 obj\debug\src\blueos_console.o
 .debug_aranges
                0x000000a8       0x20 obj\debug\src\blueos_io.o
 .debug_aranges
                0x000000c8       0x98 obj\debug\src\blueos_startup.o
 .debug_aranges
                0x00000160       0x40 obj\debug\src\blueos_status.o
 .debug_aranges
                0x000001a0       0x50 obj\debug\src\blueos_switcher.o
 .debug_aranges
                0x000001f0       0x18 obj\debug\config\blueos_config.o

.debug_ranges   0x00000000      0x220
 .debug_ranges  0x00000000       0x28 obj\debug\src\blueos_clocks.o
 .debug_ranges  0x00000028       0xa0 obj\debug\src\blueos_console.o
 .debug_ranges  0x000000c8       0x10 obj\debug\src\blueos_io.o
 .debug_ranges  0x000000d8       0x88 obj\debug\src\blueos_startup.o
 .debug_ranges  0x00000160       0x30 obj\debug\src\blueos_status.o
 .debug_ranges  0x00000190       0x90 obj\debug\src\blueos_switcher.o

.debug_macro    0x00000000      0xf50
 .debug_macro   0x00000000       0x56 obj\debug\src\blueos_clocks.o
 .debug_macro   0x00000056      0x88c obj\debug\src\blueos_clocks.o
 .debug_macro   0x000008e2       0xf4 obj\debug\src\blueos_clocks.o
 .debug_macro   0x000009d6       0x10 obj\debug\src\blueos_clocks.o
 .debug_macro   0x000009e6       0x16 obj\debug\src\blueos_clocks.o
 .debug_macro   0x000009fc       0x10 obj\debug\src\blueos_clocks.o
 .debug_macro   0x00000a0c      0x242 obj\debug\src\blueos_clocks.o
 .debug_macro   0x00000c4e       0x4e obj\debug\src\blueos_console.o
 .debug_macro   0x00000c9c       0x10 obj\debug\src\blueos_console.o
 .debug_macro   0x00000cac       0x1c obj\debug\src\blueos_console.o
 .debug_macro   0x00000cc8       0x45 obj\debug\src\blueos_io.o
 .debug_macro   0x00000d0d       0x16 obj\debug\src\blueos_io.o
 .debug_macro   0x00000d23       0x80 obj\debug\src\blueos_startup.o
 .debug_macro   0x00000da3       0x16 obj\debug\src\blueos_startup.o
 .debug_macro   0x00000db9       0x10 obj\debug\src\blueos_startup.o
 .debug_macro   0x00000dc9       0x22 obj\debug\src\blueos_startup.o
 .debug_macro   0x00000deb       0x6a obj\debug\src\blueos_status.o
 .debug_macro   0x00000e55       0x71 obj\debug\src\blueos_switcher.o
 .debug_macro   0x00000ec6       0x16 obj\debug\src\blueos_switcher.o
 .debug_macro   0x00000edc       0x1c obj\debug\src\blueos_switcher.o
 .debug_macro   0x00000ef8       0x58 obj\debug\config\blueos_config.o

.debug_line     0x00000000      0xa4a
 .debug_line    0x00000000      0x121 obj\debug\src\blueos_clocks.o
 .debug_line    0x00000121      0x1fd obj\debug\src\blueos_console.o
 .debug_line    0x0000031e       0xaa obj\debug\src\blueos_io.o
 .debug_line    0x000003c8      0x290 obj\debug\src\blueos_startup.o
 .debug_line    0x00000658      0x137 obj\debug\src\blueos_status.o
 .debug_line    0x0000078f      0x1f1 obj\debug\src\blueos_switcher.o
 .debug_line    0x00000980       0xca obj\debug\config\blueos_config.o

.debug_str      0x00000000     0x39b4
 .debug_str     0x00000000     0x33ab obj\debug\src\blueos_clocks.o
                               0x33f5 (size before relaxing)
 .debug_str     0x000033ab      0x21c obj\debug\src\blueos_console.o
                               0x355e (size before relaxing)
 .debug_str     0x000035c7       0x3d obj\debug\src\blueos_io.o
                               0x3364 (size before relaxing)
 .debug_str     0x00003604      0x1ae obj\debug\src\blueos_startup.o
                               0x3679 (size before relaxing)
 .debug_str     0x000037b2       0x5b obj\debug\src\blueos_status.o
                               0x34fe (size before relaxing)
 .debug_str     0x0000380d      0x161 obj\debug\src\blueos_switcher.o
                               0x367a (size before relaxing)
 .debug_str     0x0000396e       0x46 obj\debug\config\blueos_config.o
                               0x3455 (size before relaxing)

.debug_frame    0x00000000      0x430
 .debug_frame   0x00000000       0x60 obj\debug\src\blueos_clocks.o
 .debug_frame   0x00000060      0x11c obj\debug\src\blueos_console.o
 .debug_frame   0x0000017c       0x20 obj\debug\src\blueos_io.o
 .debug_frame   0x0000019c      0x180 obj\debug\src\blueos_startup.o
 .debug_frame   0x0000031c       0x78 obj\debug\src\blueos_status.o
 .debug_frame   0x00000394       0x9c obj\debug\src\blueos_switcher.o
