
Discarded input sections

 .text          0x00000000        0x0 obj/main.o
 .data          0x00000000        0x0 obj/main.o
 .bss           0x00000000        0x0 obj/main.o

Memory Configuration

Name             Origin             Length             Attributes
*default*        0x00000000         0xffffffff

Linker script and memory map

                0x08001400                __Flash_Bottom = 0x8001400
                0x08003fff                __Flash_Top = 0x8003fff
                0x00002c00                __Flash_Length = 0x2c00
                0x20000800                __RAM_Bottom = 0x20000800
                0x200027ff                __RAM_Top = 0x200027ff
                0x00002000                __RAM_Length = 0x2000
                0x20002800                __StackTop = 0x20002800

.text           0x08001400       0x70
                0x08001400                . = ALIGN (0x4)
                0x08001400                __task1_start = .
 *(.task1*)
 .task1         0x08001400       0x34 obj/main.o
                0x08001400                main
 *(.text*)
 .text.send_Char
                0x08001434       0x20 obj/main.o
                0x08001434                send_Char
 .text.send_Str
                0x08001454       0x12 obj/main.o
                0x08001454                send_Str
 *(.rodata*)
 .rodata.str1.1
                0x08001466        0x8 obj/main.o
                0x08001470                . = ALIGN (0x4)
 *fill*         0x0800146e        0x2 
                0x08001470                __task1_end = .

.glue_7         0x08001470        0x0
 .glue_7        0x08001470        0x0 linker stubs

.glue_7t        0x08001470        0x0
 .glue_7t       0x08001470        0x0 linker stubs

.vfp11_veneer   0x08001470        0x0
 .vfp11_veneer  0x08001470        0x0 linker stubs

.v4_bx          0x08001470        0x0
 .v4_bx         0x08001470        0x0 linker stubs

.iplt           0x08001470        0x0
 .iplt          0x08001470        0x0 obj/main.o

.rel.dyn        0x08001470        0x0
 .rel.iplt      0x08001470        0x0 obj/main.o

.data           0x20000800        0x0 load address 0x08001470
                0x20000800                . = ALIGN (0x4)
 *(.data*)
                0x20000800                . = ALIGN (0x4)

.igot.plt       0x08001470        0x0 load address 0x20000800
 .igot.plt      0x08001470        0x0 obj/main.o

.bss
 *(.bss*)
 *(COMMON)
LOAD obj/main.o
OUTPUT(bin/Task1.elf elf32-littlearm)

.comment        0x00000000       0x7e
 .comment       0x00000000       0x7e obj/main.o
                                 0x7f (size before relaxing)

.ARM.attributes
                0x00000000       0x33
 .ARM.attributes
                0x00000000       0x33 obj/main.o
