
Discarded input sections

 .text          0x0000000000000000        0x0 obj/BlueOS_loader.o
 .data          0x0000000000000000        0x0 obj/BlueOS_loader.o
 .bss           0x0000000000000000        0x0 obj/BlueOS_loader.o
 .text.unlock_Flash
                0x0000000000000000       0x2c obj/BlueOS_loader.o
 .text.wait_Flash
                0x0000000000000000       0x10 obj/BlueOS_loader.o
 .text.lock_Flash
                0x0000000000000000       0x18 obj/BlueOS_loader.o
 .text.get_Ihex
                0x0000000000000000      0x14c obj/BlueOS_loader.o
 .text.loader   0x0000000000000000       0xb4 obj/BlueOS_loader.o
 .bss.Task_Bottom
                0x0000000000000000        0x4 obj/BlueOS_loader.o
 .bss.Task_Top  0x0000000000000000        0x4 obj/BlueOS_loader.o
 .rodata.str1.1
                0x0000000000000000       0x72 obj/BlueOS_loader.o
 .comment       0x0000000000000000       0x39 obj/BlueOS_loader.o
 .ARM.attributes
                0x0000000000000000       0x33 obj/BlueOS_loader.o
 .text          0x0000000000000000        0x0 obj/BlueOS_IO.o
 .data          0x0000000000000000        0x0 obj/BlueOS_IO.o
 .bss           0x0000000000000000        0x0 obj/BlueOS_IO.o
 .text          0x0000000000000000        0x0 obj/BlueOS_console.o
 .data          0x0000000000000000        0x0 obj/BlueOS_console.o
 .bss           0x0000000000000000        0x0 obj/BlueOS_console.o
 .text.send_Byte
                0x0000000000000000       0x20 obj/BlueOS_console.o
 .text.send_Uint32
                0x0000000000000000       0x24 obj/BlueOS_console.o
 .text.console_Startup_8Mhz
                0x0000000000000000       0x50 obj/BlueOS_console.o
 .text.receive_Char
                0x0000000000000000       0x18 obj/BlueOS_console.o
 .text.char_Byte
                0x0000000000000000       0x48 obj/BlueOS_console.o
 .text.send_PC  0x0000000000000000        0x6 obj/BlueOS_console.o
 .rodata.Lookup
                0x0000000000000000       0x11 obj/BlueOS_console.o
 .text          0x0000000000000000        0x0 obj/BlueOS_status.o
 .data          0x0000000000000000        0x0 obj/BlueOS_status.o
 .bss           0x0000000000000000        0x0 obj/BlueOS_status.o
 .text.status_Set_Led_wait
                0x0000000000000000        0xc obj/BlueOS_status.o
 .text          0x0000000000000000        0x0 obj/BlueOS_switcher.o
 .data          0x0000000000000000        0x0 obj/BlueOS_switcher.o
 .bss           0x0000000000000000        0x0 obj/BlueOS_switcher.o
 .text.switcher_Startup
                0x0000000000000000       0x2c obj/BlueOS_switcher.o
 .text          0x0000000000000000        0x0 obj/BlueOS_startup.o
 .data          0x0000000000000000        0x0 obj/BlueOS_startup.o
 .bss           0x0000000000000000        0x0 obj/BlueOS_startup.o
 .text.hf_hdlr  0x0000000000000000        0xa obj/BlueOS_startup.o
 .text.mm_hdlr  0x0000000000000000        0xa obj/BlueOS_startup.o
 .text.bf_hdlr  0x0000000000000000        0xa obj/BlueOS_startup.o
 .text.uf_hdlr  0x0000000000000000        0xa obj/BlueOS_startup.o
 .text.sc_hdlr  0x0000000000000000        0xa obj/BlueOS_startup.o
 .text          0x0000000000000000        0x0 obj/BlueOS_vectors.o
 .data          0x0000000000000000        0x0 obj/BlueOS_vectors.o
 .bss           0x0000000000000000        0x0 obj/BlueOS_vectors.o
 .text          0x0000000000000000        0x0 obj/BlueOS_clocks.o
 .data          0x0000000000000000        0x0 obj/BlueOS_clocks.o
 .bss           0x0000000000000000        0x0 obj/BlueOS_clocks.o
 .text.sysTick_Set_Switch_Time
                0x0000000000000000        0xc obj/BlueOS_clocks.o
 .text.sysTick_Start_Task_Switching
                0x0000000000000000        0xc obj/BlueOS_clocks.o
 .text.sysTick_Stop_Task_Switching
                0x0000000000000000        0xc obj/BlueOS_clocks.o

Memory Configuration

Name             Origin             Length             Attributes
*default*        0x0000000000000000 0xffffffffffffffff

Linker script and memory map

                0x0000000008000000                __Flash_Bottom = 0x8000000
                0x000000000801ffff                __Flash_Top = 0x801ffff
                0x0000000000020000                __Flash_Length = 0x20000
                0x0000000020000000                __RAM_Bottom = 0x20000000
                0x0000000020004fff                __RAM_Top = 0x20004fff
                0x0000000000005000                __RAM_Length = 0x5000
                0x0000000008000000                __Config_F_Bottom = 0x8000000
                0x00000000080003ff                __Config_F_Top = 0x80003ff
                0x0000000000000400                __Config_F_Length = 0x400
                0x0000000008000400                __OS_F_Bottom = 0x8000400
                0x00000000080017ff                __OS_F_Top = 0x80017ff
                0x0000000000001400                __OS_F_Length = 0x1400
                0x0000000020000000                __RAM_Bottom = 0x20000000
                0x00000000200013ff                __RAM_Top = 0x200013ff
                0x0000000000001400                __RAM_Length = 0x1400
                0x00000000200007ff                __StackTop = 0x200007ff

.text           0x0000000008000000      0x8d8
                0x0000000008000000                . = ALIGN (0x4)
                0x0000000008000000                __config_start = .
 *(.vector_table)
 .vector_table  0x0000000008000000       0x40 obj/BlueOS_vectors.o
                0x0000000008000000                vectorTable
 *(.schedule_table)
 *(.task_table)
                0x0000000008000040                __config_end = .
                0x0000000008000400                . = ALIGN (0x400)
 *fill*         0x0000000008000040      0x3c0 
                0x0000000008000400                __os_start = .
 *(.text*)
 .text.io_Startup
                0x0000000008000400       0x30 obj/BlueOS_IO.o
                0x0000000008000400                io_Startup
 .text.send_Char
                0x0000000008000430       0x28 obj/BlueOS_console.o
                0x0000000008000430                send_Char
 .text.send_Str
                0x0000000008000458       0x12 obj/BlueOS_console.o
                0x0000000008000458                send_Str
 *fill*         0x000000000800046a        0x2 
 .text.console_Startup_72Mhz
                0x000000000800046c       0x64 obj/BlueOS_console.o
                0x000000000800046c                console_Startup_72Mhz
 .text.receive_CharN
                0x00000000080004d0       0x1c obj/BlueOS_console.o
                0x00000000080004d0                receive_CharN
 .text.console_Task
                0x00000000080004ec       0x78 obj/BlueOS_console.o
                0x00000000080004ec                console_Task
 .text.status_Startup
                0x0000000008000564       0x34 obj/BlueOS_status.o
                0x0000000008000564                status_Startup
 .text.status_LED_Task
                0x0000000008000598       0x4c obj/BlueOS_status.o
                0x0000000008000598                status_LED_Task
 .text.status_Set_Error
                0x00000000080005e4       0x18 obj/BlueOS_status.o
                0x00000000080005e4                status_Set_Error
 .text.status_Show_Error
                0x00000000080005fc        0xc obj/BlueOS_status.o
                0x00000000080005fc                status_Show_Error
 .text.switcher_Handler
                0x0000000008000608       0x80 obj/BlueOS_switcher.o
                0x0000000008000608                switcher_Handler
 .text.os_entry
                0x0000000008000688       0x40 obj/BlueOS_startup.o
                0x0000000008000688                os_entry
 .text.hold_hdlr
                0x00000000080006c8        0x2 obj/BlueOS_startup.o
                0x00000000080006c8                hold_hdlr
 *fill*         0x00000000080006ca        0x2 
 .text.clocks_Safe_sysClock
                0x00000000080006cc       0x50 obj/BlueOS_clocks.o
                0x00000000080006cc                clocks_Safe_sysClock
 .text.clocks_Start_sysClock
                0x000000000800071c       0xb4 obj/BlueOS_clocks.o
                0x000000000800071c                clocks_Start_sysClock
 .text.clocks_Start_periphClocks
                0x00000000080007d0       0x14 obj/BlueOS_clocks.o
                0x00000000080007d0                clocks_Start_periphClocks
 .text.clocks_Start_sysTick
                0x00000000080007e4       0x38 obj/BlueOS_clocks.o
                0x00000000080007e4                clocks_Start_sysTick
 .text.sysTick_Handler
                0x000000000800081c       0x34 obj/BlueOS_clocks.o
                0x000000000800081c                sysTick_Handler
 .text.clocks_sysTime
                0x0000000008000850        0xc obj/BlueOS_clocks.o
                0x0000000008000850                clocks_sysTime
 *(.rodata*)
 .rodata.str1.1
                0x000000000800085c       0x20 obj/BlueOS_console.o
 .rodata.str1.1
                0x000000000800087c       0x15 obj/BlueOS_status.o
 .rodata.str1.1
                0x0000000008000891       0x10 obj/BlueOS_startup.o
                                         0x1b (size before relaxing)
 .rodata.str1.1
                0x00000000080008a1       0x37 obj/BlueOS_clocks.o
                0x00000000080008d8                . = ALIGN (0x4)
                0x00000000080008d8                __os_end = .

.glue_7         0x00000000080008d8        0x0
 .glue_7        0x00000000080008d8        0x0 linker stubs

.glue_7t        0x00000000080008d8        0x0
 .glue_7t       0x00000000080008d8        0x0 linker stubs

.vfp11_veneer   0x00000000080008d8        0x0
 .vfp11_veneer  0x00000000080008d8        0x0 linker stubs

.v4_bx          0x00000000080008d8        0x0
 .v4_bx         0x00000000080008d8        0x0 linker stubs

.iplt           0x00000000080008d8        0x0
 .iplt          0x00000000080008d8        0x0 obj/BlueOS_loader.o

.rel.dyn        0x00000000080008d8        0x0
 .rel.iplt      0x00000000080008d8        0x0 obj/BlueOS_loader.o

.data           0x0000000020000000        0x0 load address 0x00000000080008d8
                0x0000000020000000                . = ALIGN (0x4)
 *(.data*)
                0x0000000020000000                . = ALIGN (0x4)

.igot.plt       0x00000000080008d8        0x0 load address 0x0000000020000000
 .igot.plt      0x00000000080008d8        0x0 obj/BlueOS_loader.o

.bss            0x0000000020000000      0x2e0
 *(.bss*)
 .bss.console_Timeout
                0x0000000020000000        0x4 obj/BlueOS_console.o
 .bss.command_Buffer
                0x0000000020000004       0xff obj/BlueOS_console.o
 .bss.c_Buff_Index
                0x0000000020000103        0x1 obj/BlueOS_console.o
 .bss.Led_Wait_Time
                0x0000000020000104        0x4 obj/BlueOS_status.o
 .bss.Led_On    0x0000000020000108        0x1 obj/BlueOS_status.o
 *fill*         0x0000000020000109        0x3 
 .bss.Last_Error
                0x000000002000010c        0x4 obj/BlueOS_status.o
 .bss.Led_Time  0x0000000020000110        0x4 obj/BlueOS_status.o
 .bss.schedule  0x0000000020000114      0x190 obj/BlueOS_switcher.o
 .bss.current_task_id
                0x00000000200002a4        0x1 obj/BlueOS_switcher.o
 .bss.current_task
                0x00000000200002a5        0x1 obj/BlueOS_switcher.o
 *fill*         0x00000000200002a6        0x2 
 .bss.task_table
                0x00000000200002a8       0x28 obj/BlueOS_switcher.o
 .bss.schedule_len
                0x00000000200002d0        0x1 obj/BlueOS_switcher.o
 *fill*         0x00000000200002d1        0x3 
 .bss.sys_Ticks
                0x00000000200002d4        0x4 obj/BlueOS_clocks.o
 .bss.switch_On
                0x00000000200002d8        0x1 obj/BlueOS_clocks.o
 *fill*         0x00000000200002d9        0x3 
 .bss.next_Switch_Time
                0x00000000200002dc        0x4 obj/BlueOS_clocks.o
 *(COMMON)
LOAD obj/BlueOS_loader.o
LOAD obj/BlueOS_IO.o
LOAD obj/BlueOS_console.o
LOAD obj/BlueOS_status.o
LOAD obj/BlueOS_switcher.o
LOAD obj/BlueOS_startup.o
LOAD obj/BlueOS_vectors.o
LOAD obj/BlueOS_clocks.o
OUTPUT(bin/BlueOS.elf elf32-littlearm)

.comment        0x0000000000000000       0x38
 .comment       0x0000000000000000       0x38 obj/BlueOS_IO.o
                                         0x39 (size before relaxing)
 .comment       0x0000000000000038       0x39 obj/BlueOS_console.o
 .comment       0x0000000000000038       0x39 obj/BlueOS_status.o
 .comment       0x0000000000000038       0x39 obj/BlueOS_switcher.o
 .comment       0x0000000000000038       0x39 obj/BlueOS_startup.o
 .comment       0x0000000000000038       0x39 obj/BlueOS_vectors.o
 .comment       0x0000000000000038       0x39 obj/BlueOS_clocks.o

.ARM.attributes
                0x0000000000000000       0x33
 .ARM.attributes
                0x0000000000000000       0x33 obj/BlueOS_IO.o
 .ARM.attributes
                0x0000000000000033       0x33 obj/BlueOS_console.o
 .ARM.attributes
                0x0000000000000066       0x33 obj/BlueOS_status.o
 .ARM.attributes
                0x0000000000000099       0x33 obj/BlueOS_switcher.o
 .ARM.attributes
                0x00000000000000cc       0x33 obj/BlueOS_startup.o
 .ARM.attributes
                0x00000000000000ff       0x33 obj/BlueOS_vectors.o
 .ARM.attributes
                0x0000000000000132       0x33 obj/BlueOS_clocks.o
